swift : error: 'swift
-argument-parser': 
Invalid manifest 
(compiled with: ["C:\
\Users\\Manav\\AppDat
a\\Local\\Programs\\S
wift\\Toolchains\\6.2
.4+Asserts\\usr\\bin\
\swiftc.exe", 
"-vfsoverlay", "C:\\U
sers\\Manav\\AppData\
\Local\\Temp\\Tempora
ryDirectory.ao8XE0\\v
fs.yaml", "-L", "C:\\
Users\\Manav\\AppData
\\Local\\Programs\\Sw
ift\\Toolchains\\6.2.
4+Asserts\\usr\\lib\\
swift\\pm\\ManifestAP
I", "-lPackageDescrip
tion", "-sdk", "C:\\U
sers\\Manav\\AppData\
\Local\\Programs\\Swi
ft\\Platforms\\6.2.4\
\Windows.platform\\De
veloper\\SDKs\\Window
s.sdk\\", "-libc", 
"MD", "-I", "C:\\User
s\\Manav\\AppData\\Lo
cal\\Programs\\Swift\
\Platforms\\6.2.4\\Wi
ndows.platform\\Devel
oper\\Library\\XCTest
-6.2.4\\usr\\lib\\swi
ft\\windows", "-I", "
C:\\Users\\Manav\\App
Data\\Local\\Programs
\\Swift\\Platforms\\6
.2.4\\Windows.platfor
m\\Developer\\Library
\\XCTest-6.2.4\\usr\\
lib\\swift\\windows\\
x86_64", "-L", "C:\\U
sers\\Manav\\AppData\
\Local\\Programs\\Swi
ft\\Platforms\\6.2.4\
\Windows.platform\\De
veloper\\Library\\XCT
est-6.2.4\\usr\\lib\\
swift\\windows\\x86_6
4", "-I", "C:\\Users\
\Manav\\AppData\\Loca
l\\Programs\\Swift\\P
latforms\\6.2.4\\Wind
ows.platform\\Develop
er\\Library\\Testing-
6.2.4\\usr\\lib\\swif
t\\windows", "-L", "C
:\\Users\\Manav\\AppD
ata\\Local\\Programs\
\Swift\\Platforms\\6.
2.4\\Windows.platform
\\Developer\\Library\
\Testing-6.2.4\\usr\\
lib\\swift\\windows\\
x86_64", 
"-use-ld=lld", 
"-swift-version", 
"5", "-I", "C:\\Users
\\Manav\\AppData\\Loc
al\\Programs\\Swift\\
Toolchains\\6.2.4+Ass
erts\\usr\\lib\\swift
\\pm\\ManifestAPI", "
-package-description-
version", "5.8.0", "C
:\\Users\\Manav\\New 
folder\\swift-argumen
t-parser\\Package@swi
ft-5.8.swift", "-o", 
"C:\\Users\\Manav\\Ap
pData\\Local\\Temp\\T
emporaryDirectory.m37
aex\\swift-argument-p
arser-manifest.exe"])
At line:1 char:1
+ swift build 
--target 
ArgumentParser > 
build_output.txt 2>&1
+ ~~~~~~~~~~~~~~~~~~~
~~~~~~~~~~~~~~~~~~~~~
~~~~~~~~~~~~~~~~~~~
    + CategoryInfo   
           : NotSpe  
  cified: (error:    
 'swift-a...manif    
est.exe"]):Strin    
g) [], RemoteExc    
eption
    + FullyQualified 
   ErrorId : Native  
  CommandError
 
error: link command 
failed with exit 
code 1 (use -v to 
see invocation)

lld-link: error: 
could not open 
'msvcrt.lib': no 
such file or 
directory


lld-link: error: 
could not open 
'oldnames.lib': no 
such file or 
directory


lld-link: error: 
could not open 
'msvcprt.lib': no 
such file or 
directory


clang: error: linker 
command failed with 
exit code 1 (use -v 
to see invocation)
error: 'swift-argumen
t-parser': Invalid 
manifest (compiled 
with: ["C:\\Users\\Ma
nav\\AppData\\Local\\
Programs\\Swift\\Tool
chains\\6.2.4+Asserts
\\usr\\bin\\swiftc.ex
e", "-vfsoverlay", "C
:\\Users\\Manav\\AppD
ata\\Local\\Temp\\Tem
poraryDirectory.9ItS3
9\\vfs.yaml", "-L", "
C:\\Users\\Manav\\App
Data\\Local\\Programs
\\Swift\\Toolchains\\
6.2.4+Asserts\\usr\\l
ib\\swift\\pm\\Manife
stAPI", "-lPackageDes
cription", "-sdk", "C
:\\Users\\Manav\\AppD
ata\\Local\\Programs\
\Swift\\Platforms\\6.
2.4\\Windows.platform
\\Developer\\SDKs\\Wi
ndows.sdk\\", 
"-libc", "MD", "-I", 
"C:\\Users\\Manav\\Ap
pData\\Local\\Program
s\\Swift\\Platforms\\
6.2.4\\Windows.platfo
rm\\Developer\\Librar
y\\XCTest-6.2.4\\usr\
\lib\\swift\\windows"
, "-I", "C:\\Users\\M
anav\\AppData\\Local\
\Programs\\Swift\\Pla
tforms\\6.2.4\\Window
s.platform\\Developer
\\Library\\XCTest-6.2
.4\\usr\\lib\\swift\\
windows\\x86_64", 
"-L", "C:\\Users\\Man
av\\AppData\\Local\\P
rograms\\Swift\\Platf
orms\\6.2.4\\Windows.
platform\\Developer\\
Library\\XCTest-6.2.4
\\usr\\lib\\swift\\wi
ndows\\x86_64", 
"-I", "C:\\Users\\Man
av\\AppData\\Local\\P
rograms\\Swift\\Platf
orms\\6.2.4\\Windows.
platform\\Developer\\
Library\\Testing-6.2.
4\\usr\\lib\\swift\\w
indows", "-L", "C:\\U
sers\\Manav\\AppData\
\Local\\Programs\\Swi
ft\\Platforms\\6.2.4\
\Windows.platform\\De
veloper\\Library\\Tes
ting-6.2.4\\usr\\lib\
\swift\\windows\\x86_
64", "-use-ld=lld", 
"-swift-version", 
"5", "-I", "C:\\Users
\\Manav\\AppData\\Loc
al\\Programs\\Swift\\
Toolchains\\6.2.4+Ass
erts\\usr\\lib\\swift
\\pm\\ManifestAPI", "
-package-description-
version", "5.8.0", "C
:\\Users\\Manav\\New 
folder\\swift-argumen
t-parser\\Package@swi
ft-5.8.swift", "-o", 
"C:\\Users\\Manav\\Ap
pData\\Local\\Temp\\T
emporaryDirectory.624
2Kw\\swift-argument-p
arser-manifest.exe"])
error: link command 
failed with exit 
code 1 (use -v to 
see invocation)

lld-link: error: 
could not open 
'msvcrt.lib': no 
such file or 
directory


lld-link: error: 
could not open 
'oldnames.lib': no 
such file or 
directory


lld-link: error: 
could not open 
'msvcprt.lib': no 
such file or 
directory


clang: error: linker 
command failed with 
exit code 1 (use -v 
to see invocation)
